// Vitest Snapshot v1, https://vitest.dev/guide/snapshot.html

exports[`FirstStepsApp > should match snapshot 1`] = `
<div>
  <h1>
    Carrito de compras
  </h1>
  <div
    data-testid="item-counter-mock"
  >
    <span>
      Nintendo Switch 2
    </span>
    <span>
      1
    </span>
  </div>
  <div
    data-testid="item-counter-mock"
  >
    <span>
      Pro Controller
    </span>
    <span>
      2
    </span>
  </div>
  <div
    data-testid="item-counter-mock"
  >
    <span>
      Super Smash
    </span>
    <span>
      5
    </span>
  </div>
</div>
`;
